11-15 21:03:28.142 21298 21330 W Settings: Setting always_finish_activities has moved from android.provider.Settings.System to android.provider.Settings.Global, returning read-only value.
11-15 21:03:27.896  1983  2010 I DropBoxManagerService: add tag=system_app_strictmode isTagEnabled=true flags=0x2
11-15 21:03:28.143  1983  4847 I ActivityTaskManager: START u0 {act=android.intent.action.MAIN cat=[android.intent.category.LAUNCHER] flg=0x10008000 cmp=com.example/.MainActivity} from uid 10142
11-15 21:03:28.146  1983  2012 E system_server: Invalid ID 0x00000000.
11-15 21:03:28.147  1983  4847 W InputReader: Device has associated, but no associated display id.
11-15 21:03:28.148  1983  4847 I chatty  : uid=1000(system) Binder:1983_12 identical 38 lines
11-15 21:03:28.148  1983  4847 W InputReader: Device has associated, but no associated display id.
11-15 21:03:28.149 21298 21298 W ActivityThread: handleWindowVisibility: no activity for token android.os.BinderProxy@3346018
11-15 21:03:28.150 21298 21298 D LifecycleMonitor: Lifecycle status change: com.example.MainActivity@d246a71 in: PRE_ON_CREATE
11-15 21:03:28.150 21298 21298 V ActivityScenario: Activity lifecycle changed event received but ignored because the reported transition was not ON_CREATE while the last known transition was PRE_ON_CREATE
11-15 21:03:28.157 21298 21298 D LifecycleMonitor: Lifecycle status change: com.example.MainActivity@d246a71 in: CREATED
11-15 21:03:28.157 21298 21298 V ActivityScenario: Update currentActivityStage to CREATED, currentActivity=com.example.MainActivity@d246a71
11-15 21:03:28.158 21298 21298 D LifecycleMonitor: Lifecycle status change: com.example.MainActivity@d246a71 in: STARTED
11-15 21:03:28.158 21298 21298 V ActivityScenario: Update currentActivityStage to STARTED, currentActivity=com.example.MainActivity@d246a71
11-15 21:03:28.158 21298 21298 D LifecycleMonitor: Lifecycle status change: com.example.MainActivity@d246a71 in: RESUMED
11-15 21:03:28.158 21298 21298 V ActivityScenario: Update currentActivityStage to RESUMED, currentActivity=com.example.MainActivity@d246a71
11-15 21:03:28.165  1768  5164 D gralloc_ranchu: gralloc_alloc: Creating ashmem region of size 8298496
11-15 21:03:28.177  1983  4847 W InputReader: Device has associated, but no associated display id.
11-15 21:03:28.177  1983  4847 I chatty  : uid=1000(system) Binder:1983_12 identical 8 lines
11-15 21:03:28.177  1983  4847 W InputReader: Device has associated, but no associated display id.
11-15 21:03:28.179  1768  5164 D gralloc_ranchu: gralloc_alloc: Creating ashmem region of size 8298496
11-15 21:03:28.182  1768  5164 I chatty  : uid=1000(system) HwBinder:1768_3 identical 1 line
11-15 21:03:28.183  1768  5164 D gralloc_ranchu: gralloc_alloc: Creating ashmem region of size 8298496
11-15 21:03:28.185 21298 21353 D EGL_emulation: eglMakeCurrent: 0x7514ec882d60: ver 3 1 (tinfo 0x7514ec818ea0)
11-15 21:03:28.196  2436  2801 D EGL_emulation: eglMakeCurrent: 0x7514eaad9340: ver 3 1 (tinfo 0x7514eaa7bb60)
11-15 21:03:28.198  1983  2016 I ActivityTaskManager: Displayed com.example/.MainActivity: +55ms
11-15 21:03:28.218 21298 21298 W com.example: Accessing hidden method Landroid/os/MessageQueue;->next()Landroid/os/Message; (greylist, reflection, allowed)
11-15 21:03:28.218 21298 21298 W com.example: Accessing hidden field Landroid/os/MessageQueue;->mMessages:Landroid/os/Message; (greylist, reflection, allowed)
11-15 21:03:28.218 21298 21298 W com.example: Accessing hidden method Landroid/os/Message;->recycleUnchecked()V (greylist, reflection, allowed)
11-15 21:03:28.219 21298 21330 W com.example: Accessing hidden method Lsun/misc/Unsafe;->getUnsafe()Lsun/misc/Unsafe; (greylist,core-platform-api, linking, allowed)
11-15 21:03:28.219 21298 21330 W com.example: Accessing hidden method Lsun/misc/Unsafe;->objectFieldOffset(Ljava/lang/reflect/Field;)J (greylist,core-platform-api, linking, allowed)
11-15 21:03:28.219 21298 21330 W com.example: Accessing hidden method Lsun/misc/Unsafe;->putObject(Ljava/lang/Object;JLjava/lang/Object;)V (greylist, linking, allowed)
11-15 21:03:28.220 21298 21298 W com.example: Accessing hidden method Landroid/view/WindowManagerGlobal;->getInstance()Landroid/view/WindowManagerGlobal; (greylist, reflection, allowed)
11-15 21:03:28.220 21298 21298 W com.example: Accessing hidden field Landroid/view/WindowManagerGlobal;->mViews:Ljava/util/ArrayList; (greylist, reflection, allowed)
11-15 21:03:28.220 21298 21298 W com.example: Accessing hidden field Landroid/view/WindowManagerGlobal;->mParams:Ljava/util/ArrayList; (greylist, reflection, allowed)
11-15 21:03:28.221 21298 21455 W com.example: Accessing hidden method Lsun/misc/Unsafe;->getObject(Ljava/lang/Object;J)Ljava/lang/Object; (greylist, linking, allowed)
11-15 21:03:28.221 21298 21455 W com.example: Accessing hidden method Lsun/misc/Unsafe;->compareAndSwapObject(Ljava/lang/Object;JLjava/lang/Object;Ljava/lang/Object;)Z (greylist, linking, allowed)
11-15 21:03:28.223 21298 21298 I ViewInteraction: Checking 'MatchesViewAssertion{viewMatcher=an instance of android.widget.TextView and view.getText() with or without transformation to match: is "Cafebabe"}' assertion on view (view.getId() is <2131230861/com.example:id/edittext>)
11-15 21:03:28.228 21298 21298 D takeScreenshot: Found 1 global views to redraw
11-15 21:03:28.247  1768  5164 D gralloc_ranchu: gralloc_alloc: Creating ashmem region of size 8298496
11-15 21:03:28.488  1983  5275 D HostConnection: HostConnection::get() New Host Connection established 0x7514ec949800, tid 5275
11-15 21:03:28.488  1983  5275 D HostConnection: HostComposition ext ANDROID_EMU_CHECKSUM_HELPER_v1 ANDROID_EMU_native_sync_v2 ANDROID_EMU_native_sync_v3 ANDROID_EMU_native_sync_v4 ANDROID_EMU_dma_v1 ANDROID_EMU_direct_mem ANDROID_EMU_vulkan ANDROID_EMU_deferred_vulkan_commands ANDROID_EMU_vulkan_create_resources_with_requirements ANDROID_EMU_vulkan_free_memory_sync ANDROID_EMU_vulkan_shader_float16_int8 ANDROID_EMU_vulkan_async_queue_submit ANDROID_EMU_sync_buffer_data ANDROID_EMU_vulkan_async_qsri GL_OES_EGL_image_external_essl3 GL_OES_vertex_array_object GL_KHR_texture_compression_astc_ldr ANDROID_EMU_host_side_tracing ANDROID_EMU_gles_max_version_3_1 
11-15 21:03:28.488  1983  5275 W OpenGLRenderer: Failed to choose config with EGL_SWAP_BEHAVIOR_PRESERVED, retrying without...
11-15 21:03:28.488  1983  5275 D EGL_emulation: eglCreateContext: 0x7514ec949940: maj 3 min 1 rcv 4
11-15 21:03:28.502  1983  5275 D EGL_emulation: eglMakeCurrent: 0x7514ec949940: ver 3 1 (tinfo 0x7514ec891ca0)
11-15 21:03:28.503  1983  5275 E eglCodecCommon: glUtilsParamSize: unknow param 0x000082da
11-15 21:03:28.503  1983  5275 E eglCodecCommon: glUtilsParamSize: unknow param 0x000082da
11-15 21:03:28.793 21298 21330 I AccessibilityNodeInfoDumper: Skipping invisible child: android.view.accessibility.AccessibilityNodeInfo@11676; boundsInParent: Rect(0, 0 - 0, 147); boundsInScreen: Rect(1080, 63 - 1080, 210); packageName: com.example; className: android.widget.LinearLayout; text: null; error: null; maxTextLength: -1; contentDescription: null; tooltipText: null; viewIdResName: null; checkable: false; checked: false; focusable: false; focused: false; selected: false; clickable: false; longClickable: false; contextClickable: false; enabled: true; password: false; scrollable: false; importantForAccessibility: false; visible: false; actions: [AccessibilityAction: ACTION_SELECT - null, AccessibilityAction: ACTION_CLEAR_SELECTION - null, AccessibilityAction: ACTION_ACCESSIBILITY_FOCUS - null, AccessibilityAction: ACTION_SHOW_ON_SCREEN - null]
11-15 21:03:28.793 21298 21330 I AccessibilityNodeInfoDumper: Skipping invisible child: android.view.accessibility.AccessibilityNodeInfo@112b5; boundsInParent: Rect(0, 0 - 1080, 63); boundsInScreen: Rect(0, 0 - 1080, 63); packageName: com.example; className: android.view.View; text: null; error: null; maxTextLength: -1; contentDescription: null; tooltipText: null; viewIdResName: android:id/statusBarBackground; checkable: false; checked: false; focusable: false; focused: false; selected: false; clickable: false; longClickable: false; contextClickable: false; enabled: true; password: false; scrollable: false; importantForAccessibility: false; visible: false; actions: [AccessibilityAction: ACTION_SELECT - null, AccessibilityAction: ACTION_CLEAR_SELECTION - null, AccessibilityAction: ACTION_ACCESSIBILITY_FOCUS - null, AccessibilityAction: ACTION_SHOW_ON_SCREEN - null]
11-15 21:03:28.794 21298 21330 I AccessibilityNodeInfoDumper: Skipping invisible child: android.view.accessibility.AccessibilityNodeInfo@10ef4; boundsInParent: Rect(0, 0 - 1080, 126); boundsInScreen: Rect(0, 1794 - 1080, 1920); packageName: com.example; className: android.view.View; text: null; error: null; maxTextLength: -1; contentDescription: null; tooltipText: null; viewIdResName: android:id/navigationBarBackground; checkable: false; checked: false; focusable: false; focused: false; selected: false; clickable: false; longClickable: false; contextClickable: false; enabled: true; password: false; scrollable: false; importantForAccessibility: false; visible: false; actions: [AccessibilityAction: ACTION_SELECT - null, AccessibilityAction: ACTION_CLEAR_SELECTION - null, AccessibilityAction: ACTION_ACCESSIBILITY_FOCUS - null, AccessibilityAction: ACTION_SHOW_ON_SCREEN - null]
11-15 21:03:28.798 21298 21330 I AccessibilityNodeInfoDumper: Skipping invisible child: android.view.accessibility.AccessibilityNodeInfo@20a6c; boundsInParent: Rect(0, 0 - 0, 63); boundsInScreen: Rect(540, 0 - 540, 63); packageName: com.android.systemui; className: android.widget.FrameLayout; text: null; error: null; maxTextLength: -1; contentDescription: null; tooltipText: null; viewIdResName: com.android.systemui:id/centered_icon_area; checkable: false; checked: false; focusable: false; focused: false; selected: false; clickable: false; longClickable: false; contextClickable: false; enabled: true; password: false; scrollable: false; importantForAccessibility: false; visible: false; actions: [AccessibilityAction: ACTION_SELECT - null, AccessibilityAction: ACTION_CLEAR_SELECTION - null, AccessibilityAction: ACTION_ACCESSIBILITY_FOCUS - null, AccessibilityAction: ACTION_SHOW_ON_SCREEN - null]
11-15 21:03:28.799  1768  5164 D gralloc_ranchu: gralloc_alloc: Creating ashmem region of size 8298496
11-15 21:03:28.865  1983  2338 I ActivityTaskManager: START u0 {act=android.intent.action.MAIN cat=[android.intent.category.LAUNCHER] flg=0x10000000 cmp=com.example.test/androidx.test.core.app.InstrumentationActivityInvoker$EmptyActivity} from uid 10142
11-15 21:03:28.868  1983  2012 E system_server: Invalid ID 0x00000000.
11-15 21:03:28.868 21298 21298 D LifecycleMonitor: Lifecycle status change: com.example.MainActivity@d246a71 in: PAUSED
11-15 21:03:28.868 21298 21298 V ActivityScenario: Update currentActivityStage to PAUSED, currentActivity=com.example.MainActivity@d246a71
11-15 21:03:28.869  1983 16614 W InputReader: Device has associated, but no associated display id.
11-15 21:03:28.870  1983 16614 I chatty  : uid=1000(system) Binder:1983_20 identical 48 lines
11-15 21:03:28.870  1983 16614 W InputReader: Device has associated, but no associated display id.
11-15 21:03:28.870 19734 19734 W ActivityThread: handleWindowVisibility: no activity for token android.os.BinderProxy@6affbfd
11-15 21:03:28.880  1768  5164 D gralloc_ranchu: gralloc_alloc: Creating ashmem region of size 8298496
11-15 21:03:28.884  1768  5164 I chatty  : uid=1000(system) HwBinder:1768_3 identical 2 lines
11-15 21:03:28.884  1768  5164 D gralloc_ranchu: gralloc_alloc: Creating ashmem region of size 8298496
11-15 21:03:28.890 19734 19778 D EGL_emulation: eglMakeCurrent: 0x75157c13be20: ver 3 1 (tinfo 0x75157c1a26c0)
11-15 21:03:28.896  1983  2012 W InputReader: Device has associated, but no associated display id.
11-15 21:03:28.896  1983  2012 I chatty  : uid=1000(system) android.anim identical 18 lines
11-15 21:03:28.896  1983  2012 W InputReader: Device has associated, but no associated display id.
11-15 21:03:28.897  1768  5164 D gralloc_ranchu: gralloc_alloc: Creating ashmem region of size 8298496
11-15 21:03:28.899  1983  2016 I ActivityTaskManager: Displayed com.example.test/androidx.test.core.app.InstrumentationActivityInvoker$EmptyActivity: +31ms
11-15 21:03:28.899  1983  2780 W InputReader: Device has associated, but no associated display id.
11-15 21:03:28.899  1983  2780 I chatty  : uid=1000(system) Binder:1983_F identical 8 lines
11-15 21:03:28.899  1983  2780 W InputReader: Device has associated, but no associated display id.
11-15 21:03:28.912  1768  5164 D gralloc_ranchu: gralloc_alloc: Creating ashmem region of size 8298496
11-15 21:03:28.915 21298 21353 D EGL_emulation: eglMakeCurrent: 0x7514ec882d60: ver 3 1 (tinfo 0x7514ec818ea0)
11-15 21:03:28.917  1983  2338 W InputReader: Device has associated, but no associated display id.
11-15 21:03:28.917  1983  2338 I chatty  : uid=1000(system) Binder:1983_9 identical 8 lines
11-15 21:03:28.917  1983  2338 W InputReader: Device has associated, but no associated display id.
11-15 21:03:28.922 21298 21298 D LifecycleMonitor: Lifecycle status change: com.example.MainActivity@d246a71 in: STOPPED
11-15 21:03:28.922 21298 21298 V ActivityScenario: Update currentActivityStage to STOPPED, currentActivity=com.example.MainActivity@d246a71
11-15 21:03:28.923 21298 21298 D LifecycleMonitor: Lifecycle status change: com.example.MainActivity@d246a71 in: DESTROYED
11-15 21:03:28.923 21298 21298 V ActivityScenario: Update currentActivityStage to DESTROYED, currentActivity=null
