11-15 21:02:51.792  2233  2304 I GnssLocationProvider: WakeLock released by handleMessage(REPORT_SV_STATUS, 0, com.android.server.location.GnssLocationProvider$SvStatusInfo@ceca9aa)
11-15 21:02:51.846 20025 20049 E TestRunner: failed: testTextFlaky(com.example.MainActivityFlakyTest)
11-15 21:02:51.846 20025 20049 E TestRunner: ----- begin exception -----
11-15 21:02:51.846 20025 20049 E TestRunner: java.lang.AssertionError
11-15 21:02:51.846 20025 20049 E TestRunner: 	at org.junit.Assert.fail(Assert.java:87)
11-15 21:02:51.846 20025 20049 E TestRunner: 	at org.junit.Assert.assertTrue(Assert.java:42)
11-15 21:02:51.846 20025 20049 E TestRunner: 	at org.junit.Assert.assertTrue(Assert.java:53)
11-15 21:02:51.846 20025 20049 E TestRunner: 	at com.example.MainActivityFlakyTest.testTextFlaky(MainActivityFlakyTest.kt:31)
11-15 21:02:51.846 20025 20049 E TestRunner: 	at java.lang.reflect.Method.invoke(Native Method)
11-15 21:02:51.846 20025 20049 E TestRunner: 	at org.junit.runners.model.FrameworkMethod$1.runReflectiveCall(FrameworkMethod.java:59)
11-15 21:02:51.846 20025 20049 E TestRunner: 	at org.junit.internal.runners.model.ReflectiveCallable.run(ReflectiveCallable.java:12)
11-15 21:02:51.846 20025 20049 E TestRunner: 	at org.junit.runners.model.FrameworkMethod.invokeExplosively(FrameworkMethod.java:56)
11-15 21:02:51.846 20025 20049 E TestRunner: 	at org.junit.internal.runners.statements.InvokeMethod.evaluate(InvokeMethod.java:17)
11-15 21:02:51.846 20025 20049 E TestRunner: 	at org.junit.rules.ExternalResource$1.evaluate(ExternalResource.java:54)
11-15 21:02:51.846 20025 20049 E TestRunner: 	at io.qameta.allure.android.rules.ScreenshotRule$apply$1.evaluate(ScreenshotRule.kt:22)
11-15 21:02:51.846 20025 20049 E TestRunner: 	at org.junit.runners.ParentRunner$3.evaluate(ParentRunner.java:306)
11-15 21:02:51.846 20025 20049 E TestRunner: 	at org.junit.runners.BlockJUnit4ClassRunner$1.evaluate(BlockJUnit4ClassRunner.java:100)
11-15 21:02:51.846 20025 20049 E TestRunner: 	at org.junit.runners.ParentRunner.runLeaf(ParentRunner.java:366)
11-15 21:02:51.846 20025 20049 E TestRunner: 	at org.junit.runners.BlockJUnit4ClassRunner.runChild(BlockJUnit4ClassRunner.java:103)
11-15 21:02:51.846 20025 20049 E TestRunner: 	at org.junit.runners.BlockJUnit4ClassRunner.runChild(BlockJUnit4ClassRunner.java:63)
11-15 21:02:51.846 20025 20049 E TestRunner: 	at org.junit.runners.ParentRunner$4.run(ParentRunner.java:331)
11-15 21:02:51.846 20025 20049 E TestRunner: 	at org.junit.runners.ParentRunner$1.schedule(ParentRunner.java:79)
11-15 21:02:51.846 20025 20049 E TestRunner: 	at org.junit.runners.ParentRunner.runChildren(ParentRunner.java:329)
11-15 21:02:51.846 20025 20049 E TestRunner: 	at org.junit.runners.ParentRunner.access$100(ParentRunner.java:66)
11-15 21:02:51.846 20025 20049 E TestRunner: 	at org.junit.runners.ParentRunner$2.evaluate(ParentRunner.java:293)
11-15 21:02:51.846 20025 20049 E TestRunner: 	at org.junit.runners.ParentRunner$3.evaluate(ParentRunner.java:306)
11-15 21:02:51.846 20025 20049 E TestRunner: 	at org.junit.runners.ParentRunner.run(ParentRunner.java:413)
11-15 21:02:51.846 20025 20049 E TestRunner: 	at androidx.test.ext.junit.runners.AndroidJUnit4.run(AndroidJUnit4.java:162)
11-15 21:02:51.846 20025 20049 E TestRunner: 	at io.qameta.allure.android.runners.AllureAndroidJUnit4.run(AllureAndroidJUnitRunners.kt:29)
11-15 21:02:51.846 20025 20049 E TestRunner: 	at org.junit.runners.Suite.runChild(Suite.java:128)
11-15 21:02:51.846 20025 20049 E TestRunner: 	at org.junit.runners.Suite.runChild(Suite.java:27)
11-15 21:02:51.846 20025 20049 E TestRunner: 	at org.junit.runners.ParentRunner$4.run(ParentRunner.java:331)
11-15 21:02:51.846 20025 20049 E TestRunner: 	at org.junit.runners.ParentRunner$1.schedule(ParentRunner.java:79)
11-15 21:02:51.846 20025 20049 E TestRunner: 	at org.junit.runners.ParentRunner.runChildren(ParentRunner.java:329)
11-15 21:02:51.846 20025 20049 E TestRunner: 	at org.junit.runners.ParentRunner.access$100(ParentRunner.java:66)
11-15 21:02:51.846 20025 20049 E TestRunner: 	at org.junit.runners.ParentRunner$2.evaluate(ParentRunner.java:293)
11-15 21:02:51.846 20025 20049 E TestRunner: 	at org.junit.runners.ParentRunner$3.evaluate(ParentRunner.java:306)
11-15 21:02:51.846 20025 20049 E TestRunner: 	at org.junit.runners.ParentRunner.run(ParentRunner.java:413)
11-15 21:02:51.846 20025 20049 E TestRunner: 	at org.junit.runner.JUnitCore.run(JUnitCore.java:137)
11-15 21:02:51.846 20025 20049 E TestRunner: 	at org.junit.runner.JUnitCore.run(JUnitCore.java:115)
11-15 21:02:51.846 20025 20049 E TestRunner: 	at androidx.test.internal.runner.TestExecutor.execute(TestExecutor.java:67)
11-15 21:02:51.846 20025 20049 E TestRunner: 	at androidx.test.internal.runner.TestExecutor.execute(TestExecutor.java:58)
11-15 21:02:51.846 20025 20049 E TestRunner: 	at androidx.test.runner.AndroidJUnitRunner.onStart(AndroidJUnitRunner.java:446)
11-15 21:02:51.846 20025 20049 E TestRunner: 	at android.app.Instrumentation$InstrumentationThread.run(Instrumentation.java:2145)
11-15 21:02:51.846 20025 20049 E TestRunner: ----- end exception -----
11-15 21:02:51.848 20025 20049 I TestRunner: finished: testTextFlaky(com.example.MainActivityFlakyTest)
11-15 21:02:51.861 20025 20049 I TestRunner: started: testFailure(com.example.MainActivityAllureTest)
11-15 21:02:51.880 20025 20049 W Settings: Setting always_finish_activities has moved from android.provider.Settings.System to android.provider.Settings.Global, returning read-only value.
11-15 21:02:51.881  2233  2259 I ActivityManager: START u0 {act=android.intent.action.MAIN cat=[android.intent.category.LAUNCHER] flg=0x10008000 cmp=com.example/.MainActivity} from uid 10108
11-15 21:02:51.884 20025 20025 W ActivityThread: handleWindowVisibility: no activity for token android.os.BinderProxy@93b1475
11-15 21:02:51.887 20025 20025 D LifecycleMonitor: Lifecycle status change: com.example.MainActivity@36fdc7b in: PRE_ON_CREATE
11-15 21:02:51.887 20025 20025 V ActivityScenario: Activity lifecycle changed event received but ignored because the reported transition was not ON_CREATE while the last known transition was PRE_ON_CREATE
11-15 21:02:51.898 20025 20025 D LifecycleMonitor: Lifecycle status change: com.example.MainActivity@36fdc7b in: CREATED
11-15 21:02:51.898 20025 20025 V ActivityScenario: Update currentActivityStage to CREATED, currentActivity=com.example.MainActivity@36fdc7b
11-15 21:02:51.899 20025 20025 D LifecycleMonitor: Lifecycle status change: com.example.MainActivity@36fdc7b in: STARTED
11-15 21:02:51.899 20025 20025 V ActivityScenario: Update currentActivityStage to STARTED, currentActivity=com.example.MainActivity@36fdc7b
11-15 21:02:51.900 20025 20025 D LifecycleMonitor: Lifecycle status change: com.example.MainActivity@36fdc7b in: RESUMED
11-15 21:02:51.900 20025 20025 V ActivityScenario: Update currentActivityStage to RESUMED, currentActivity=com.example.MainActivity@36fdc7b
11-15 21:02:51.908  1618  1679 D gralloc_ranchu: gralloc_alloc: Creating ashmem region of size 8298496
11-15 21:02:51.918  1618  1679 I chatty  : uid=1000(system) HwBinder:1618_1 identical 3 lines
11-15 21:02:51.925  1618  1679 D gralloc_ranchu: gralloc_alloc: Creating ashmem region of size 8298496
11-15 21:02:51.926 20025 20072 D EGL_emulation: eglMakeCurrent: 0x7e63d8249e40: ver 3 1 (tinfo 0x7e63d82d1040)
11-15 21:02:51.941  2233  2325 I ActivityManager: Displayed com.example/.MainActivity: +56ms (total +395ms)
11-15 21:02:51.958  2754  3067 D EGL_emulation: eglMakeCurrent: 0x7e63c6815b40: ver 3 1 (tinfo 0x7e63d69ea140)
11-15 21:02:51.958  3569  3733 D EGL_emulation: eglMakeCurrent: 0x7e63d8244cc0: ver 3 1 (tinfo 0x7e63d82b9200)
11-15 21:02:51.959  2754  3067 D EGL_emulation: eglMakeCurrent: 0x7e63c6815b40: ver 3 1 (tinfo 0x7e63d69ea140)
11-15 21:02:51.960  1860  2009 W SurfaceFlinger: Attempting to set client state on removed layer: Splash Screen com.example#0
11-15 21:02:51.960  1860  2009 W SurfaceFlinger: Attempting to destroy on removed layer: Splash Screen com.example#0
11-15 21:02:51.984 20025 20025 W com.example: Accessing hidden method Landroid/os/MessageQueue;->next()Landroid/os/Message; (light greylist, reflection)
11-15 21:02:51.984 20025 20025 W com.example: Accessing hidden field Landroid/os/MessageQueue;->mMessages:Landroid/os/Message; (light greylist, reflection)
11-15 21:02:51.984 20025 20025 W com.example: Accessing hidden method Landroid/os/Message;->recycleUnchecked()V (light greylist, reflection)
11-15 21:02:51.986 20025 20025 W com.example: Accessing hidden method Landroid/view/WindowManagerGlobal;->getInstance()Landroid/view/WindowManagerGlobal; (light greylist, reflection)
11-15 21:02:51.986 20025 20025 W com.example: Accessing hidden field Landroid/view/WindowManagerGlobal;->mViews:Ljava/util/ArrayList; (light greylist, reflection)
11-15 21:02:51.986 20025 20025 W com.example: Accessing hidden field Landroid/view/WindowManagerGlobal;->mParams:Ljava/util/ArrayList; (light greylist, reflection)
11-15 21:02:51.988 20025 20025 I ViewInteraction: Checking 'MatchesViewAssertion{viewMatcher=an instance of android.widget.TextView and view.getText() with or without transformation to match: is "Cafebabe"}' assertion on view (view.getId() is <2131230861/com.example:id/edittext>)
11-15 21:02:51.997 20025 20025 D takeScreenshot: Found 1 global views to redraw
11-15 21:02:52.026  1618  1679 D gralloc_ranchu: gralloc_alloc: Creating ashmem region of size 8298496
11-15 21:02:52.031 20013 20016 D         : HostConnection::get() New Host Connection established 0x70c0524464e0, tid 20016
11-15 21:02:52.080  2233  7652 I ConfigStore: android::hardware::configstore::V1_0::ISurfaceFlingerConfigs::hasWideColorDisplay retrieved: 0
11-15 21:02:52.080  2233  7652 I ConfigStore: android::hardware::configstore::V1_0::ISurfaceFlingerConfigs::hasHDRDisplay retrieved: 0
11-15 21:02:52.080  2233  7652 I OpenGLRenderer: Initialized EGL, version 1.4
11-15 21:02:52.080  2233  7652 D OpenGLRenderer: Swap behavior 1
11-15 21:02:52.081  2233  7652 W OpenGLRenderer: Failed to choose config with EGL_SWAP_BEHAVIOR_PRESERVED, retrying without...
11-15 21:02:52.081  2233  7652 D OpenGLRenderer: Swap behavior 0
11-15 21:02:52.081  2233  7652 D EGL_emulation: eglCreateContext: 0x7e63c1d0dee0: maj 3 min 1 rcv 4
11-15 21:02:52.083  2233  7652 D EGL_emulation: eglMakeCurrent: 0x7e63c1d0dee0: ver 3 1 (tinfo 0x7e63c1ce6cc0)
11-15 21:02:52.083  2233  7652 E eglCodecCommon: glUtilsParamSize: unknow param 0x000082da
11-15 21:02:52.083  2233  7652 E eglCodecCommon: glUtilsParamSize: unknow param 0x000082da
11-15 21:02:52.454 20025 20049 I AccessibilityNodeInfoDumper: Skipping invisible child: android.view.accessibility.AccessibilityNodeInfo@9703; boundsInParent: Rect(0, 0 - 0, 147); boundsInScreen: Rect(1080, 63 - 1080, 210); packageName: com.example; className: android.widget.LinearLayout; text: null; error: null; maxTextLength: -1; contentDescription: null; tooltipText: null; viewIdResName: null; checkable: false; checked: false; focusable: false; focused: false; selected: false; clickable: false; longClickable: false; contextClickable: false; enabled: true; password: false; scrollable: false; importantForAccessibility: false; visible: false; actions: [AccessibilityAction: ACTION_SELECT - null, AccessibilityAction: ACTION_CLEAR_SELECTION - null, AccessibilityAction: ACTION_ACCESSIBILITY_FOCUS - null, AccessibilityAction: ACTION_SHOW_ON_SCREEN - null]
11-15 21:02:52.455 20025 20049 I AccessibilityNodeInfoDumper: Skipping invisible child: android.view.accessibility.AccessibilityNodeInfo@7cbc; boundsInParent: Rect(0, 0 - 1080, 63); boundsInScreen: Rect(0, 0 - 1080, 63); packageName: com.example; className: android.view.View; text: null; error: null; maxTextLength: -1; contentDescription: null; tooltipText: null; viewIdResName: android:id/statusBarBackground; checkable: false; checked: false; focusable: false; focused: false; selected: false; clickable: false; longClickable: false; contextClickable: false; enabled: true; password: false; scrollable: false; importantForAccessibility: false; visible: false; actions: [AccessibilityAction: ACTION_SELECT - null, AccessibilityAction: ACTION_CLEAR_SELECTION - null, AccessibilityAction: ACTION_ACCESSIBILITY_FOCUS - null, AccessibilityAction: ACTION_SHOW_ON_SCREEN - null]
11-15 21:02:52.455 20025 20049 I AccessibilityNodeInfoDumper: Skipping invisible child: android.view.accessibility.AccessibilityNodeInfo@807d; boundsInParent: Rect(0, 0 - 1080, 126); boundsInScreen: Rect(0, 1794 - 1080, 1920); packageName: com.example; className: android.view.View; text: null; error: null; maxTextLength: -1; contentDescription: null; tooltipText: null; viewIdResName: android:id/navigationBarBackground; checkable: false; checked: false; focusable: false; focused: false; selected: false; clickable: false; longClickable: false; contextClickable: false; enabled: true; password: false; scrollable: false; importantForAccessibility: false; visible: false; actions: [AccessibilityAction: ACTION_SELECT - null, AccessibilityAction: ACTION_CLEAR_SELECTION - null, AccessibilityAction: ACTION_ACCESSIBILITY_FOCUS - null, AccessibilityAction: ACTION_SHOW_ON_SCREEN - null]
11-15 21:02:52.466  1618  1679 D gralloc_ranchu: gralloc_alloc: Creating ashmem region of size 8298496
11-15 21:02:52.523  2233  8751 I ActivityManager: START u0 {act=android.intent.action.MAIN cat=[android.intent.category.LAUNCHER] flg=0x10000000 cmp=com.example.test/androidx.test.core.app.InstrumentationActivityInvoker$EmptyActivity} from uid 10108
11-15 21:02:52.525 20025 20025 D LifecycleMonitor: Lifecycle status change: com.example.MainActivity@36fdc7b in: PAUSED
11-15 21:02:52.525 20025 20025 V ActivityScenario: Update currentActivityStage to PAUSED, currentActivity=com.example.MainActivity@36fdc7b
11-15 21:02:52.526 19505 19505 W ActivityThread: handleWindowVisibility: no activity for token android.os.BinderProxy@67d32af
11-15 21:02:52.546  1618  1679 D gralloc_ranchu: gralloc_alloc: Creating ashmem region of size 8298496
11-15 21:02:52.550  1618  1679 I chatty  : uid=1000(system) HwBinder:1618_1 identical 3 lines
11-15 21:02:52.562  1618  1679 D gralloc_ranchu: gralloc_alloc: Creating ashmem region of size 8298496
11-15 21:02:52.563 19505 19550 D EGL_emulation: eglMakeCurrent: 0x7e63d68f9b40: ver 3 1 (tinfo 0x7e63de0cda40)
11-15 21:02:52.581  1860  2009 W SurfaceFlinger: Attempting to set client state on removed layer: Splash Screen com.example.test#0
11-15 21:02:52.581  1860  2009 W SurfaceFlinger: Attempting to destroy on removed layer: Splash Screen com.example.test#0
11-15 21:02:52.597  1618  1679 D gralloc_ranchu: gralloc_alloc: Creating ashmem region of size 8298496
11-15 21:02:52.598  1618  1679 I chatty  : uid=1000(system) HwBinder:1618_1 identical 1 line
11-15 21:02:52.598  1618  1679 D gralloc_ranchu: gralloc_alloc: Creating ashmem region of size 8298496
11-15 21:02:52.613  3569  3733 D EGL_emulation: eglMakeCurrent: 0x7e63d8244cc0: ver 3 1 (tinfo 0x7e63d82b9200)
11-15 21:02:52.615  1618  1679 D gralloc_ranchu: gralloc_alloc: Creating ashmem region of size 8298496
11-15 21:02:52.629  2754  3067 D EGL_emulation: eglMakeCurrent: 0x7e63c6815b40: ver 3 1 (tinfo 0x7e63d69ea140)
11-15 21:02:52.630 20025 20072 D EGL_emulation: eglMakeCurrent: 0x7e63d8249e40: ver 3 1 (tinfo 0x7e63d82d1040)
11-15 21:02:52.632 19505 19550 D EGL_emulation: eglMakeCurrent: 0x7e63d68f9b40: ver 3 1 (tinfo 0x7e63de0cda40)
11-15 21:02:52.632  2754  3067 D EGL_emulation: eglMakeCurrent: 0x7e63c6815b40: ver 3 1 (tinfo 0x7e63d69ea140)
11-15 21:02:52.632 20025 20025 D LifecycleMonitor: Lifecycle status change: com.example.MainActivity@36fdc7b in: STOPPED
11-15 21:02:52.632 20025 20025 V ActivityScenario: Update currentActivityStage to STOPPED, currentActivity=com.example.MainActivity@36fdc7b
11-15 21:02:52.633 20025 20025 D LifecycleMonitor: Lifecycle status change: com.example.MainActivity@36fdc7b in: DESTROYED
11-15 21:02:52.633 20025 20025 V ActivityScenario: Update currentActivityStage to DESTROYED, currentActivity=null
11-15 21:02:52.636  1860  2009 W SurfaceFlinger: Attempting to destroy on removed layer: AppWindowToken{43b676 token=Token{ef2f511 ActivityRecord{91f138 u0 com.example/.MainActivity t166}}}#0
11-15 21:02:52.637  1860  2009 W SurfaceFlinger: Attempting to destroy on removed layer: AppWindowToken{b43d0e3 token=Token{d047112 ActivityRecord{505c89d u0 com.example.test/androidx.test.core.app.InstrumentationActivityInvoker$EmptyActivity t167}}}#0
