11-15 21:02:54.893 20293 20324 W com.example: Accessing hidden method Lsun/misc/Unsafe;->getByte(Ljava/lang/Object;J)B (greylist,core-platform-api, linking, allowed)
11-15 21:02:54.893 20293 20324 W com.example: Accessing hidden method Lsun/misc/Unsafe;->getByte(J)B (greylist,core-platform-api, linking, allowed)
11-15 21:02:54.894 20293 20324 W com.example: Accessing hidden method Lsun/misc/Unsafe;->getInt(J)I (greylist, linking, allowed)
11-15 21:02:54.894 20293 20324 W com.example: Accessing hidden method Lsun/misc/Unsafe;->getIntVolatile(Ljava/lang/Object;J)I (greylist, linking, allowed)
11-15 21:02:54.894 20293 20324 W com.example: Accessing hidden method Lsun/misc/Unsafe;->getLong(J)J (greylist,core-platform-api, linking, allowed)
11-15 21:02:54.894 20293 20324 W com.example: Accessing hidden method Lsun/misc/Unsafe;->getObject(Ljava/lang/Object;J)Ljava/lang/Object; (greylist, linking, allowed)
11-15 21:02:54.894 20293 20324 W com.example: Accessing hidden method Lsun/misc/Unsafe;->getShort(J)S (greylist, linking, allowed)
11-15 21:02:54.894 20293 20324 W com.example: Accessing hidden method Lsun/misc/Unsafe;->getShort(Ljava/lang/Object;J)S (greylist, linking, allowed)
11-15 21:02:54.894 20293 20324 W com.example: Accessing hidden method Lsun/misc/Unsafe;->objectFieldOffset(Ljava/lang/reflect/Field;)J (greylist,core-platform-api, linking, allowed)
11-15 21:02:54.894 20293 20324 W com.example: Accessing hidden method Lsun/misc/Unsafe;->putByte(JB)V (greylist,core-platform-api, linking, allowed)
11-15 21:02:54.894 20293 20324 W com.example: Accessing hidden method Lsun/misc/Unsafe;->putByte(Ljava/lang/Object;JB)V (greylist,core-platform-api, linking, allowed)
11-15 21:02:54.894 20293 20324 W com.example: Accessing hidden method Lsun/misc/Unsafe;->putInt(JI)V (greylist, linking, allowed)
11-15 21:02:54.894 20293 20324 W com.example: Accessing hidden method Lsun/misc/Unsafe;->putInt(Ljava/lang/Object;JI)V (greylist, linking, allowed)
11-15 21:02:54.894 20293 20324 W com.example: Accessing hidden method Lsun/misc/Unsafe;->putOrderedInt(Ljava/lang/Object;JI)V (greylist, linking, allowed)
11-15 21:02:54.894 20293 20324 W com.example: Accessing hidden method Lsun/misc/Unsafe;->putLong(JJ)V (greylist, linking, allowed)
11-15 21:02:54.894 20293 20324 W com.example: Accessing hidden method Lsun/misc/Unsafe;->putLong(Ljava/lang/Object;JJ)V (greylist, linking, allowed)
11-15 21:02:54.894 20293 20324 W com.example: Accessing hidden method Lsun/misc/Unsafe;->putObject(Ljava/lang/Object;JLjava/lang/Object;)V (greylist, linking, allowed)
11-15 21:02:54.894 20293 20324 W com.example: Accessing hidden method Lsun/misc/Unsafe;->putShort(JS)V (greylist, linking, allowed)
11-15 21:02:54.894 20293 20324 W com.example: Accessing hidden method Lsun/misc/Unsafe;->putShort(Ljava/lang/Object;JS)V (greylist, linking, allowed)
11-15 21:02:54.895 20293 20324 W com.example: Accessing hidden method Lsun/misc/Unsafe;->storeFence()V (greylist, linking, allowed)
11-15 21:02:54.895 20293 20324 W com.example: Accessing hidden method Lsun/misc/Unsafe;->putIntVolatile(Ljava/lang/Object;JI)V (greylist, linking, allowed)
11-15 21:02:54.895 20293 20324 W com.example: Accessing hidden method Lsun/misc/Unsafe;->setMemory(JJB)V (greylist, linking, allowed)
11-15 21:02:54.895 20293 20324 W com.example: Accessing hidden field Lsun/misc/Unsafe;->theUnsafe:Lsun/misc/Unsafe; (greylist, reflection, allowed)
11-15 21:02:54.895 20293 20324 W com.example: Accessing hidden method Lsun/misc/VM;->maxDirectMemory()J (greylist, reflection, allowed)
11-15 21:02:54.896 20293 20324 I PlatformDependent: Your platform does not provide complete low-level API for accessing direct buffers reliably. Unless explicitly requested, heap buffer will always be preferred to avoid potential system instability.
11-15 21:02:54.889 20293 20293 W roidJUnitRunner: type=1400 audit(0.0:243): avc: denied { read } for name="somaxconn" dev="proc" ino=55299 scontext=u:r:untrusted_app:s0:c142,c256,c512,c768 tcontext=u:object_r:proc_net:s0 tclass=file permissive=0 app=com.example
11-15 21:02:54.934 20293 20324 W com.example: Accessing hidden field Lsun/nio/ch/SelectorImpl;->selectedKeys:Ljava/util/Set; (greylist, reflection, allowed)
11-15 21:02:54.934 20293 20324 W com.example: Accessing hidden field Lsun/nio/ch/SelectorImpl;->publicSelectedKeys:Ljava/util/Set; (greylist, reflection, allowed)
11-15 21:02:54.936 20293 20324 W erAddressStreamProvider: Default DNS servers: [/2001:4860:4860::8888:53, /2001:4860:4860::8844:53] (Google Public DNS as a fallback)
11-15 21:02:55.035  1983  2773 I ActivityTaskManager: START u0 {act=android.intent.action.MAIN cat=[android.intent.category.LAUNCHER] flg=0x10000000 cmp=com.example.test/androidx.test.core.app.InstrumentationActivityInvoker$EmptyActivity} from uid 10142
11-15 21:02:55.038 20293 20293 D LifecycleMonitor: Lifecycle status change: com.example.MainActivity@ad6e96e in: PAUSED
11-15 21:02:55.038 20293 20293 V ActivityScenario: Update currentActivityStage to PAUSED, currentActivity=com.example.MainActivity@ad6e96e
11-15 21:02:55.038  1983  2012 E system_server: Invalid ID 0x00000000.
11-15 21:02:55.038  1983  9327 W InputReader: Device has associated, but no associated display id.
11-15 21:02:55.039  1983  9327 I chatty  : uid=1000(system) Binder:1983_14 identical 38 lines
11-15 21:02:55.039  1983  9327 W InputReader: Device has associated, but no associated display id.
11-15 21:02:55.039 19734 19734 W ActivityThread: handleWindowVisibility: no activity for token android.os.BinderProxy@5efd20d
11-15 21:02:55.039  1983  9327 W InputReader: Device has associated, but no associated display id.
11-15 21:02:55.039  1983  9327 I chatty  : uid=1000(system) Binder:1983_14 identical 8 lines
11-15 21:02:55.039  1983  9327 W InputReader: Device has associated, but no associated display id.
11-15 21:02:55.048  1768  1768 D gralloc_ranchu: gralloc_alloc: Creating ashmem region of size 8298496
11-15 21:02:55.057  1768  1768 I chatty  : uid=1000(system) allocator@2.0-s identical 1 line
11-15 21:02:55.058  1768  1768 D gralloc_ranchu: gralloc_alloc: Creating ashmem region of size 8298496
11-15 21:02:55.058 19734 19778 D EGL_emulation: eglMakeCurrent: 0x75157c13be20: ver 3 1 (tinfo 0x75157c1a26c0)
11-15 21:02:55.059  1768  1768 D gralloc_ranchu: gralloc_alloc: Creating ashmem region of size 8298496
11-15 21:02:55.060  1983  9327 W InputReader: Device has associated, but no associated display id.
11-15 21:02:55.060  1983  9327 I chatty  : uid=1000(system) Binder:1983_14 identical 18 lines
11-15 21:02:55.060  1983  9327 W InputReader: Device has associated, but no associated display id.
11-15 21:02:55.061  1768  1768 D gralloc_ranchu: gralloc_alloc: Creating ashmem region of size 8298496
11-15 21:02:55.063  1983  2016 I ActivityTaskManager: Displayed com.example.test/androidx.test.core.app.InstrumentationActivityInvoker$EmptyActivity: +26ms
11-15 21:02:55.079 20293 20329 D EGL_emulation: eglMakeCurrent: 0x7514eabe8660: ver 3 1 (tinfo 0x7514eaa6f880)
11-15 21:02:55.081  1983 12209 W InputReader: Device has associated, but no associated display id.
11-15 21:02:55.081  1983 12209 I chatty  : uid=1000(system) Binder:1983_1C identical 8 lines
11-15 21:02:55.081  1983 12209 W InputReader: Device has associated, but no associated display id.
11-15 21:02:55.081  1768  1768 D gralloc_ranchu: gralloc_alloc: Creating ashmem region of size 8298496
11-15 21:02:55.090  1983 12209 W InputReader: Device has associated, but no associated display id.
11-15 21:02:55.090  1983 12209 I chatty  : uid=1000(system) Binder:1983_1C identical 8 lines
11-15 21:02:55.090  1983 12209 W InputReader: Device has associated, but no associated display id.
11-15 21:02:55.093 20293 20293 D LifecycleMonitor: Lifecycle status change: com.example.MainActivity@ad6e96e in: STOPPED
11-15 21:02:55.093 20293 20293 V ActivityScenario: Update currentActivityStage to STOPPED, currentActivity=com.example.MainActivity@ad6e96e
11-15 21:02:55.093 20293 20293 D LifecycleMonitor: Lifecycle status change: com.example.MainActivity@ad6e96e in: DESTROYED
11-15 21:02:55.093 20293 20293 V ActivityScenario: Update currentActivityStage to DESTROYED, currentActivity=null
11-15 21:02:55.094 20293 20324 E TestRunner: failed: testVmState(com.example.ConsoleActivityTest)
11-15 21:02:55.094 20293 20324 E TestRunner: ----- begin exception -----
11-15 21:02:55.094 20293 20324 E TestRunner: java.lang.AssertionError: Assertion failed
11-15 21:02:55.094 20293 20324 E TestRunner: 	at com.example.ConsoleActivityTest$testVmState$1.invokeSuspend(ConsoleActivityTest.kt:32)
11-15 21:02:55.094 20293 20324 E TestRunner: 	at kotlin.coroutines.jvm.internal.BaseContinuationImpl.resumeWith(ContinuationImpl.kt:33)
11-15 21:02:55.094 20293 20324 E TestRunner: 	at kotlinx.coroutines.UndispatchedCoroutine.afterResume(CoroutineContext.kt:202)
11-15 21:02:55.094 20293 20324 E TestRunner: 	at kotlinx.coroutines.AbstractCoroutine.resumeWith(AbstractCoroutine.kt:102)
11-15 21:02:55.094 20293 20324 E TestRunner: 	at kotlin.coroutines.jvm.internal.BaseContinuationImpl.resumeWith(ContinuationImpl.kt:46)
11-15 21:02:55.094 20293 20324 E TestRunner: 	at kotlinx.coroutines.DispatchedTask.run(DispatchedTask.kt:106)
11-15 21:02:55.094 20293 20324 E TestRunner: 	at kotlinx.coroutines.EventLoopImplBase.processNextEvent(EventLoop.common.kt:279)
11-15 21:02:55.094 20293 20324 E TestRunner: 	at kotlinx.coroutines.BlockingCoroutine.joinBlocking(Builders.kt:85)
11-15 21:02:55.094 20293 20324 E TestRunner: 	at kotlinx.coroutines.BuildersKt__BuildersKt.runBlocking(Builders.kt:59)
11-15 21:02:55.094 20293 20324 E TestRunner: 	at kotlinx.coroutines.BuildersKt.runBlocking(Unknown Source:1)
11-15 21:02:55.094 20293 20324 E TestRunner: 	at kotlinx.coroutines.BuildersKt__BuildersKt.runBlocking$default(Builders.kt:38)
11-15 21:02:55.094 20293 20324 E TestRunner: 	at kotlinx.coroutines.BuildersKt.runBlocking$default(Unknown Source:1)
11-15 21:02:55.094 20293 20324 E TestRunner: 	at com.example.ConsoleActivityTest.testVmState(ConsoleActivityTest.kt:29)
11-15 21:02:55.094 20293 20324 E TestRunner: 	at java.lang.reflect.Method.invoke(Native Method)
11-15 21:02:55.094 20293 20324 E TestRunner: 	at org.junit.runners.model.FrameworkMethod$1.runReflectiveCall(FrameworkMethod.java:59)
11-15 21:02:55.094 20293 20324 E TestRunner: 	at org.junit.internal.runners.model.ReflectiveCallable.run(ReflectiveCallable.java:12)
11-15 21:02:55.094 20293 20324 E TestRunner: 	at org.junit.runners.model.FrameworkMethod.invokeExplosively(FrameworkMethod.java:56)
11-15 21:02:55.094 20293 20324 E TestRunner: 	at org.junit.internal.runners.statements.InvokeMethod.evaluate(InvokeMethod.java:17)
11-15 21:02:55.094 20293 20324 E TestRunner: 	at org.junit.rules.ExternalResource$1.evaluate(ExternalResource.java:54)
11-15 21:02:55.094 20293 20324 E TestRunner: 	at com.malinskiy.adam.junit4.android.rule.EmulatorConsoleRule$apply$1.evaluate(EmulatorConsoleRule.kt:63)
11-15 21:02:55.094 20293 20324 E TestRunner: 	at org.junit.runners.ParentRunner$3.evaluate(ParentRunner.java:306)
11-15 21:02:55.094 20293 20324 E TestRunner: 	at org.junit.runners.BlockJUnit4ClassRunner$1.evaluate(BlockJUnit4ClassRunner.java:100)
11-15 21:02:55.094 20293 20324 E TestRunner: 	at org.junit.runners.ParentRunner.runLeaf(ParentRunner.java:366)
11-15 21:02:55.094 20293 20324 E TestRunner: 	at org.junit.runners.BlockJUnit4ClassRunner.runChild(BlockJUnit4ClassRunner.java:103)
11-15 21:02:55.094 20293 20324 E TestRunner: 	at org.junit.runners.BlockJUnit4ClassRunner.runChild(BlockJUnit4ClassRunner.java:63)
11-15 21:02:55.094 20293 20324 E TestRunner: 	at org.junit.runners.ParentRunner$4.run(ParentRunner.java:331)
11-15 21:02:55.094 20293 20324 E TestRunner: 	at org.junit.runners.ParentRunner$1.schedule(ParentRunner.java:79)
11-15 21:02:55.094 20293 20324 E TestRunner: 	at org.junit.runners.ParentRunner.runChildren(ParentRunner.java:329)
11-15 21:02:55.094 20293 20324 E TestRunner: 	at org.junit.runners.ParentRunner.access$100(ParentRunner.java:66)
11-15 21:02:55.094 20293 20324 E TestRunner: 	at org.junit.runners.ParentRunner$2.evaluate(ParentRunner.java:293)
11-15 21:02:55.094 20293 20324 E TestRunner: 	at org.junit.runners.ParentRunner$3.evaluate(ParentRunner.java:306)
11-15 21:02:55.094 20293 20324 E TestRunner: 	at org.junit.runners.ParentRunner.run(ParentRunner.java:413)
11-15 21:02:55.094 20293 20324 E TestRunner: 	at androidx.test.ext.junit.runners.AndroidJUnit4.run(AndroidJUnit4.java:162)
11-15 21:02:55.094 20293 20324 E TestRunner: 	at io.qameta.allure.android.runners.AllureAndroidJUnit4.run(AllureAndroidJUnitRunners.kt:29)
11-15 21:02:55.094 20293 20324 E TestRunner: 	at org.junit.runners.Suite.runChild(Suite.java:128)
11-15 21:02:55.094 20293 20324 E TestRunner: 	at org.junit.runners.Suite.runChild(Suite.java:27)
11-15 21:02:55.094 20293 20324 E TestRunner: 	at org.junit.runners.ParentRunner$4.run(ParentRunner.java:331)
11-15 21:02:55.094 20293 20324 E TestRunner: 	at org.junit.runners.ParentRunner$1.schedule(ParentRunner.java:79)
11-15 21:02:55.094 20293 20324 E TestRunner: 	at org.junit.runners.ParentRunner.runChildren(ParentRunner.java:329)
11-15 21:02:55.094 20293 20324 E TestRunner: 	at org.junit.runners.ParentRunner.access$100(ParentRunner.java:66)
11-15 21:02:55.094 20293 20324 E TestRunner: 	at org.junit.runners.ParentRunner$2.evaluate(ParentRunner.java:293)
11-15 21:02:55.094 20293 20324 E TestRunner: 	at org.junit.runners.ParentRunner$3.evaluate(ParentRunner.java:306)
11-15 21:02:55.094 20293 20324 E TestRunner: 	at org.junit.runners.ParentRunner.run(ParentRunner.java:413)
11-15 21:02:55.094 20293 20324 E TestRunner: 	at org.junit.runner.JUnitCore.run(JUnitCore.java:137)
11-15 21:02:55.094 20293 20324 E TestRunner: 	at org.junit.runner.JUnitCore.run(JUnitCore.java:115)
11-15 21:02:55.094 20293 20324 E TestRunner: 	at androidx.test.internal.runner.TestExecutor.execute(TestExecutor.java:67)
11-15 21:02:55.094 20293 20324 E TestRunner: 	at androidx.test.internal.runner.TestExecutor.execute(TestExecutor.java:58)
11-15 21:02:55.094 20293 20324 E TestRunner: 	at androidx.test.runner.AndroidJUnitRunner.onStart(AndroidJUnitRunner.java:446)
11-15 21:02:55.094 20293 20324 E TestRunner: 	at android.app.Instrumentation$InstrumentationThread.run(Instrumentation.java:2189)
11-15 21:02:55.094 20293 20324 E TestRunner: ----- end exception -----
11-15 21:02:55.096 20293 20324 I TestRunner: finished: testVmState(com.example.ConsoleActivityTest)
11-15 21:02:55.111 20293 20324 I TestRunner: started: testFailure(com.example.MainActivityAllureTest)
11-15 21:02:55.115  1768  1768 D gralloc_ranchu: gralloc_alloc: Creating ashmem region of size 8298496
11-15 21:02:55.116  1768  1768 D gralloc_ranchu: gralloc_alloc: Creating ashmem region of size 8298496
11-15 21:02:55.117  2436  2801 D EGL_emulation: eglMakeCurrent: 0x7514eaad9340: ver 3 1 (tinfo 0x7514eaa7bb60)
11-15 21:02:55.117  1768  1768 D gralloc_ranchu: gralloc_alloc: Creating ashmem region of size 8298496
11-15 21:02:55.119  1983  2012 W InputReader: Device has associated, but no associated display id.
11-15 21:02:55.119  1983  2012 I chatty  : uid=1000(system) android.anim identical 8 lines
11-15 21:02:55.119  1983  2012 W InputReader: Device has associated, but no associated display id.
11-15 21:02:55.119  1768  1768 D gralloc_ranchu: gralloc_alloc: Creating ashmem region of size 8298496
11-15 21:02:55.121  1983  2012 I WindowManager: Queue is too deep! Purged item with taskid=310
11-15 21:02:55.129 19734 19778 D EGL_emulation: eglMakeCurrent: 0x75157c13be20: ver 3 1 (tinfo 0x75157c1a26c0)
11-15 21:02:55.136  1983  2010 I DropBoxManagerService: add tag=system_app_strictmode isTagEnabled=true flags=0x2
11-15 21:02:55.136 20293 20324 W FileTestStorage: Output properties is not supported.
11-15 21:02:55.137 20293 20324 I Tracing : Tracer added: class androidx.test.platform.tracing.AndroidXTracer
11-15 21:02:55.148 20293 20324 D EventInjectionStrategy: Creating injection strategy with input manager.
11-15 21:02:55.148 20293 20324 W com.example: Accessing hidden method Landroid/hardware/input/InputManager;->getInstance()Landroid/hardware/input/InputManager; (greylist, reflection, allowed)
11-15 21:02:55.148 20293 20324 W com.example: Accessing hidden method Landroid/hardware/input/InputManager;->injectInputEvent(Landroid/view/InputEvent;I)Z (greylist, reflection, allowed)
11-15 21:02:55.148 20293 20324 W com.example: Accessing hidden field Landroid/hardware/input/InputManager;->INJECT_INPUT_EVENT_MODE_WAIT_FOR_FINISH:I (greylist, reflection, allowed)
11-15 21:02:55.138  1983  2010 I DropBoxManagerService: add tag=system_app_strictmode isTagEnabled=true flags=0x2
11-15 21:02:55.160  1983  1983 V SettingsProvider: Notifying for 0: content://settings/secure/accessibility_enabled
11-15 21:02:55.167 20293 20324 W Settings: Setting always_finish_activities has moved from android.provider.Settings.System to android.provider.Settings.Global, returning read-only value.
11-15 21:02:55.168  1983  9327 I ActivityTaskManager: START u0 {act=android.intent.action.MAIN cat=[android.intent.category.LAUNCHER] flg=0x10008000 cmp=com.example/.MainActivity} from uid 10142
11-15 21:02:55.172  1983  4847 W InputReader: Device has associated, but no associated display id.
11-15 21:02:55.172  1983  4847 I chatty  : uid=1000(system) Binder:1983_12 identical 28 lines
11-15 21:02:55.172  1983  4847 W InputReader: Device has associated, but no associated display id.
11-15 21:02:55.172 20293 20293 W ActivityThread: handleWindowVisibility: no activity for token android.os.BinderProxy@d95ca3e
11-15 21:02:55.172  1983  4847 W InputReader: Device has associated, but no associated display id.
11-15 21:02:55.172  1983  4847 I chatty  : uid=1000(system) Binder:1983_12 identical 8 lines
11-15 21:02:55.172  1983  4847 W InputReader: Device has associated, but no associated display id.
11-15 21:02:55.175 20293 20293 D LifecycleMonitor: Lifecycle status change: com.example.MainActivity@65a309f in: PRE_ON_CREATE
11-15 21:02:55.175 20293 20293 V ActivityScenario: Activity lifecycle changed event received but ignored because the reported transition was not ON_CREATE while the last known transition was PRE_ON_CREATE
11-15 21:02:55.182 20293 20293 D LifecycleMonitor: Lifecycle status change: com.example.MainActivity@65a309f in: CREATED
11-15 21:02:55.182 20293 20293 V ActivityScenario: Update currentActivityStage to CREATED, currentActivity=com.example.MainActivity@65a309f
11-15 21:02:55.182  1768  1768 D gralloc_ranchu: gralloc_alloc: Creating ashmem region of size 8298496
11-15 21:02:55.182 20293 20293 D LifecycleMonitor: Lifecycle status change: com.example.MainActivity@65a309f in: STARTED
11-15 21:02:55.182 20293 20293 V ActivityScenario: Update currentActivityStage to STARTED, currentActivity=com.example.MainActivity@65a309f
11-15 21:02:55.183 20293 20293 D LifecycleMonitor: Lifecycle status change: com.example.MainActivity@65a309f in: RESUMED
11-15 21:02:55.183 20293 20293 V ActivityScenario: Update currentActivityStage to RESUMED, currentActivity=com.example.MainActivity@65a309f
11-15 21:02:55.191  1983  2012 W InputReader: Device has associated, but no associated display id.
11-15 21:02:55.191  1983  2012 I chatty  : uid=1000(system) android.anim identical 8 lines
11-15 21:02:55.191  1983  2012 W InputReader: Device has associated, but no associated display id.
11-15 21:02:55.200  1768  1768 D gralloc_ranchu: gralloc_alloc: Creating ashmem region of size 8298496
11-15 21:02:55.201  1768  1768 I chatty  : uid=1000(system) allocator@2.0-s identical 1 line
11-15 21:02:55.201  1768  1768 D gralloc_ranchu: gralloc_alloc: Creating ashmem region of size 8298496
11-15 21:02:55.202 20293 20329 D EGL_emulation: eglMakeCurrent: 0x7514eabe8660: ver 3 1 (tinfo 0x7514eaa6f880)
11-15 21:02:55.205  1983  2016 I ActivityTaskManager: Displayed com.example/.MainActivity: +35ms
11-15 21:02:55.213  2436  2801 D EGL_emulation: eglMakeCurrent: 0x7514eaad9340: ver 3 1 (tinfo 0x7514eaa7bb60)
11-15 21:02:55.235 20293 20293 W com.example: Accessing hidden method Landroid/os/MessageQueue;->next()Landroid/os/Message; (greylist, reflection, allowed)
11-15 21:02:55.235 20293 20293 W com.example: Accessing hidden field Landroid/os/MessageQueue;->mMessages:Landroid/os/Message; (greylist, reflection, allowed)
11-15 21:02:55.235 20293 20293 W com.example: Accessing hidden method Landroid/os/Message;->recycleUnchecked()V (greylist, reflection, allowed)
11-15 21:02:55.235 20293 20324 W com.example: Accessing hidden method Lsun/misc/Unsafe;->getUnsafe()Lsun/misc/Unsafe; (greylist,core-platform-api, linking, allowed)
11-15 21:02:55.236 20293 20324 W com.example: Accessing hidden method Lsun/misc/Unsafe;->putObject(Ljava/lang/Object;JLjava/lang/Object;)V (greylist, linking, allowed)
11-15 21:02:55.237 20293 20449 W com.example: Accessing hidden method Lsun/misc/Unsafe;->getObject(Ljava/lang/Object;J)Ljava/lang/Object; (greylist, linking, allowed)
11-15 21:02:55.237 20293 20449 W com.example: Accessing hidden method Lsun/misc/Unsafe;->compareAndSwapObject(Ljava/lang/Object;JLjava/lang/Object;Ljava/lang/Object;)Z (greylist, linking, allowed)
11-15 21:02:55.238 20293 20293 W com.example: Accessing hidden method Landroid/view/WindowManagerGlobal;->getInstance()Landroid/view/WindowManagerGlobal; (greylist, reflection, allowed)
11-15 21:02:55.238 20293 20293 W com.example: Accessing hidden field Landroid/view/WindowManagerGlobal;->mViews:Ljava/util/ArrayList; (greylist, reflection, allowed)
11-15 21:02:55.238 20293 20293 W com.example: Accessing hidden field Landroid/view/WindowManagerGlobal;->mParams:Ljava/util/ArrayList; (greylist, reflection, allowed)
11-15 21:02:55.240 20293 20293 I ViewInteraction: Checking 'MatchesViewAssertion{viewMatcher=an instance of android.widget.TextView and view.getText() with or without transformation to match: is "Cafebabe"}' assertion on view (view.getId() is <2131230861/com.example:id/edittext>)
11-15 21:02:55.247 20293 20293 D takeScreenshot: Found 1 global views to redraw
11-15 21:02:55.280  1768  1768 D gralloc_ranchu: gralloc_alloc: Creating ashmem region of size 8298496
11-15 21:02:55.281  1651  1651 I hwservicemanager: getTransport: Cannot find entry android.hardware.graphics.mapper@3.0::IMapper/default in either framework or device manifest.
11-15 21:02:55.281 20277 20289 W Gralloc3: mapper 3.x is not supported
11-15 21:02:55.284 20277 20289 D HostConnection: createUnique: call
11-15 21:02:55.284 20277 20289 D HostConnection: HostConnection::get() New Host Connection established 0x7edf778641c0, tid 20289
11-15 21:02:55.286 20277 20289 D HostConnection: HostComposition ext ANDROID_EMU_CHECKSUM_HELPER_v1 ANDROID_EMU_native_sync_v2 ANDROID_EMU_native_sync_v3 ANDROID_EMU_native_sync_v4 ANDROID_EMU_dma_v1 ANDROID_EMU_direct_mem ANDROID_EMU_vulkan ANDROID_EMU_deferred_vulkan_commands ANDROID_EMU_vulkan_create_resources_with_requirements ANDROID_EMU_vulkan_free_memory_sync ANDROID_EMU_vulkan_shader_float16_int8 ANDROID_EMU_vulkan_async_queue_submit ANDROID_EMU_sync_buffer_data ANDROID_EMU_vulkan_async_qsri GL_OES_EGL_image_external_essl3 GL_OES_vertex_array_object GL_KHR_texture_compression_astc_ldr ANDROID_EMU_host_side_tracing ANDROID_EMU_gles_max_version_3_1 
11-15 21:02:55.287 20277 20289 D eglCodecCommon: allocate: Ask for block of size 0x1000
11-15 21:02:55.287 20277 20289 D eglCodecCommon: allocate: ioctl allocate returned offset 0x3ffff6000 size 0x2000
11-15 21:02:55.290  1782  2591 E SurfaceFlinger: ro.sf.lcd_density must be defined as a build property
11-15 21:02:55.290  1782  2591 E SurfaceFlinger: ro.sf.lcd_density must be defined as a build property
11-15 21:02:55.290 20277 20459 D libEGL  : Emulator has host GPU support, qemu.gles is set to 1.
11-15 21:02:55.293 20277 20459 W libc    : Unable to set property "qemu.gles" to "1": error code: 0x18
11-15 21:02:55.293 20277 20459 D libEGL  : loaded /vendor/lib64/egl/libEGL_emulation.so
11-15 21:02:55.294 20277 20459 D libEGL  : loaded /vendor/lib64/egl/libGLESv1_CM_emulation.so
11-15 21:02:55.294 20277 20459 D libEGL  : loaded /vendor/lib64/egl/libGLESv2_emulation.so
11-15 21:02:55.298 20277 20459 D HostConnection: HostConnection::get() New Host Connection established 0x7edee60819a0, tid 20459
11-15 21:02:55.299 20277 20459 D HostConnection: HostComposition ext ANDROID_EMU_CHECKSUM_HELPER_v1 ANDROID_EMU_native_sync_v2 ANDROID_EMU_native_sync_v3 ANDROID_EMU_native_sync_v4 ANDROID_EMU_dma_v1 ANDROID_EMU_direct_mem ANDROID_EMU_vulkan ANDROID_EMU_deferred_vulkan_commands ANDROID_EMU_vulkan_create_resources_with_requirements ANDROID_EMU_vulkan_free_memory_sync ANDROID_EMU_vulkan_shader_float16_int8 ANDROID_EMU_vulkan_async_queue_submit ANDROID_EMU_sync_buffer_data ANDROID_EMU_vulkan_async_qsri GL_OES_EGL_image_external_essl3 GL_OES_vertex_array_object GL_KHR_texture_compression_astc_ldr ANDROID_EMU_host_side_tracing ANDROID_EMU_gles_max_version_3_1 
11-15 21:02:55.300 20277 20459 W OpenGLRenderer: Failed to choose config with EGL_SWAP_BEHAVIOR_PRESERVED, retrying without...
11-15 21:02:55.300 20277 20459 D EGL_emulation: eglCreateContext: 0x7edee6081ae0: maj 3 min 1 rcv 4
11-15 21:02:55.310 20277 20459 D EGL_emulation: eglMakeCurrent: 0x7edee6081ae0: ver 3 1 (tinfo 0x7edee6018980)
11-15 21:02:55.311 20277 20459 E eglCodecCommon: glUtilsParamSize: unknow param 0x000082da
11-15 21:02:55.311 20277 20459 E eglCodecCommon: glUtilsParamSize: unknow param 0x000082da
11-15 21:02:55.309  1983  1983 W Binder:1983_12: type=1400 audit(0.0:244): avc: denied { read open } for path="/mnt/media_rw/0C1C-3603/Android/media" dev="vdf" ino=66 scontext=u:r:system_server:s0 tcontext=u:object_r:vfat:s0 tclass=dir permissive=0
11-15 21:02:55.646  1983  5275 D HostConnection: HostConnection::get() New Host Connection established 0x7514ec949800, tid 5275
11-15 21:02:55.646  1983  5275 D HostConnection: HostComposition ext ANDROID_EMU_CHECKSUM_HELPER_v1 ANDROID_EMU_native_sync_v2 ANDROID_EMU_native_sync_v3 ANDROID_EMU_native_sync_v4 ANDROID_EMU_dma_v1 ANDROID_EMU_direct_mem ANDROID_EMU_vulkan ANDROID_EMU_deferred_vulkan_commands ANDROID_EMU_vulkan_create_resources_with_requirements ANDROID_EMU_vulkan_free_memory_sync ANDROID_EMU_vulkan_shader_float16_int8 ANDROID_EMU_vulkan_async_queue_submit ANDROID_EMU_sync_buffer_data ANDROID_EMU_vulkan_async_qsri GL_OES_EGL_image_external_essl3 GL_OES_vertex_array_object GL_KHR_texture_compression_astc_ldr ANDROID_EMU_host_side_tracing ANDROID_EMU_gles_max_version_3_1 
11-15 21:02:55.647  1983  5275 W OpenGLRenderer: Failed to choose config with EGL_SWAP_BEHAVIOR_PRESERVED, retrying without...
11-15 21:02:55.647  1983  5275 D EGL_emulation: eglCreateContext: 0x7514ec949940: maj 3 min 1 rcv 4
11-15 21:02:55.662  1983  5275 D EGL_emulation: eglMakeCurrent: 0x7514ec949940: ver 3 1 (tinfo 0x7514ec891ca0)
11-15 21:02:55.662  1983  5275 E eglCodecCommon: glUtilsParamSize: unknow param 0x000082da
11-15 21:02:55.662  1983  5275 E eglCodecCommon: glUtilsParamSize: unknow param 0x000082da
11-15 21:02:55.835 20293 20324 I AccessibilityNodeInfoDumper: Skipping invisible child: android.view.accessibility.AccessibilityNodeInfo@20a62; boundsInParent: Rect(0, 0 - 0, 63); boundsInScreen: Rect(540, 0 - 540, 63); packageName: com.android.systemui; className: android.widget.FrameLayout; text: null; error: null; maxTextLength: -1; contentDescription: null; tooltipText: null; viewIdResName: com.android.systemui:id/centered_icon_area; checkable: false; checked: false; focusable: false; focused: false; selected: false; clickable: false; longClickable: false; contextClickable: false; enabled: true; password: false; scrollable: false; importantForAccessibility: false; visible: false; actions: [AccessibilityAction: ACTION_SELECT - null, AccessibilityAction: ACTION_CLEAR_SELECTION - null, AccessibilityAction: ACTION_ACCESSIBILITY_FOCUS - null, AccessibilityAction: ACTION_SHOW_ON_SCREEN - null]
11-15 21:02:55.836 20293 20324 I AccessibilityNodeInfoDumper: Skipping invisible child: android.view.accessibility.AccessibilityNodeInfo@11663; boundsInParent: Rect(0, 0 - 0, 147); boundsInScreen: Rect(1080, 63 - 1080, 210); packageName: com.example; className: android.widget.LinearLayout; text: null; error: null; maxTextLength: -1; contentDescription: null; tooltipText: null; viewIdResName: null; checkable: false; checked: false; focusable: false; focused: false; selected: false; clickable: false; longClickable: false; contextClickable: false; enabled: true; password: false; scrollable: false; importantForAccessibility: false; visible: false; actions: [AccessibilityAction: ACTION_SELECT - null, AccessibilityAction: ACTION_CLEAR_SELECTION - null, AccessibilityAction: ACTION_ACCESSIBILITY_FOCUS - null, AccessibilityAction: ACTION_SHOW_ON_SCREEN - null]
11-15 21:02:55.836 20293 20324 I AccessibilityNodeInfoDumper: Skipping invisible child: android.view.accessibility.AccessibilityNodeInfo@112a2; boundsInParent: Rect(0, 0 - 1080, 63); boundsInScreen: Rect(0, 0 - 1080, 63); packageName: com.example; className: android.view.View; text: null; error: null; maxTextLength: -1; contentDescription: null; tooltipText: null; viewIdResName: android:id/statusBarBackground; checkable: false; checked: false; focusable: false; focused: false; selected: false; clickable: false; longClickable: false; contextClickable: false; enabled: true; password: false; scrollable: false; importantForAccessibility: false; visible: false; actions: [AccessibilityAction: ACTION_SELECT - null, AccessibilityAction: ACTION_CLEAR_SELECTION - null, AccessibilityAction: ACTION_ACCESSIBILITY_FOCUS - null, AccessibilityAction: ACTION_SHOW_ON_SCREEN - null]
11-15 21:02:55.836 20293 20324 I AccessibilityNodeInfoDumper: Skipping invisible child: android.view.accessibility.AccessibilityNodeInfo@10ee1; boundsInParent: Rect(0, 0 - 1080, 126); boundsInScreen: Rect(0, 1794 - 1080, 1920); packageName: com.example; className: android.view.View; text: null; error: null; maxTextLength: -1; contentDescription: null; tooltipText: null; viewIdResName: android:id/navigationBarBackground; checkable: false; checked: false; focusable: false; focused: false; selected: false; clickable: false; longClickable: false; contextClickable: false; enabled: true; password: false; scrollable: false; importantForAccessibility: false; visible: false; actions: [AccessibilityAction: ACTION_SELECT - null, AccessibilityAction: ACTION_CLEAR_SELECTION - null, AccessibilityAction: ACTION_ACCESSIBILITY_FOCUS - null, AccessibilityAction: ACTION_SHOW_ON_SCREEN - null]
11-15 21:02:55.840  1768  1768 D gralloc_ranchu: gralloc_alloc: Creating ashmem region of size 8298496
11-15 21:02:55.912  1983  4847 I ActivityTaskManager: START u0 {act=android.intent.action.MAIN cat=[android.intent.category.LAUNCHER] flg=0x10000000 cmp=com.example.test/androidx.test.core.app.InstrumentationActivityInvoker$EmptyActivity} from uid 10142
11-15 21:02:55.915 20293 20293 D LifecycleMonitor: Lifecycle status change: com.example.MainActivity@65a309f in: PAUSED
11-15 21:02:55.915 20293 20293 V ActivityScenario: Update currentActivityStage to PAUSED, currentActivity=com.example.MainActivity@65a309f
11-15 21:02:55.915  1983  2012 E system_server: Invalid ID 0x00000000.
11-15 21:02:55.915  1983 12209 W InputReader: Device has associated, but no associated display id.
11-15 21:02:55.916  1983 12209 I chatty  : uid=1000(system) Binder:1983_1C identical 48 lines
11-15 21:02:55.916  1983 12209 W InputReader: Device has associated, but no associated display id.
11-15 21:02:55.917 19734 19734 W ActivityThread: handleWindowVisibility: no activity for token android.os.BinderProxy@5d9d828
11-15 21:02:55.933  1768  1768 D gralloc_ranchu: gralloc_alloc: Creating ashmem region of size 8298496
11-15 21:02:55.934  1768  1768 I chatty  : uid=1000(system) allocator@2.0-s identical 1 line
11-15 21:02:55.936  1768  1768 D gralloc_ranchu: gralloc_alloc: Creating ashmem region of size 8298496
11-15 21:02:55.936 19734 19778 D EGL_emulation: eglMakeCurrent: 0x75157c13be20: ver 3 1 (tinfo 0x75157c1a26c0)
11-15 21:02:55.937  1768  5164 D gralloc_ranchu: gralloc_alloc: Creating ashmem region of size 8298496
11-15 21:02:55.938  1983 12209 W InputReader: Device has associated, but no associated display id.
11-15 21:02:55.947  1983 12209 I chatty  : uid=1000(system) Binder:1983_1C identical 18 lines
11-15 21:02:55.947  1983 12209 W InputReader: Device has associated, but no associated display id.
11-15 21:02:55.964  1768  1768 D gralloc_ranchu: gralloc_alloc: Creating ashmem region of size 8298496
11-15 21:02:55.964  1768  5164 D gralloc_ranchu: gralloc_alloc: Creating ashmem region of size 8298496
11-15 21:02:55.973  1768  1768 D gralloc_ranchu: gralloc_alloc: Creating ashmem region of size 8298496
11-15 21:02:55.974  2436  2801 D EGL_emulation: eglMakeCurrent: 0x7514eaad9340: ver 3 1 (tinfo 0x7514eaa7bb60)
11-15 21:02:55.979  1768  1768 D gralloc_ranchu: gralloc_alloc: Creating ashmem region of size 8298496
11-15 21:02:55.982  1983  2012 W InputReader: Device has associated, but no associated display id.
11-15 21:02:55.982  1983  2012 I chatty  : uid=1000(system) android.anim identical 8 lines
11-15 21:02:55.982  1983  2012 W InputReader: Device has associated, but no associated display id.
11-15 21:02:55.982  1768  1768 D gralloc_ranchu: gralloc_alloc: Creating ashmem region of size 8298496
11-15 21:02:55.996 19734 19778 D EGL_emulation: eglMakeCurrent: 0x75157c13be20: ver 3 1 (tinfo 0x75157c1a26c0)
11-15 21:02:55.997 20293 20329 D EGL_emulation: eglMakeCurrent: 0x7514eabe8660: ver 3 1 (tinfo 0x7514eaa6f880)
11-15 21:02:56.005 20293 20293 D LifecycleMonitor: Lifecycle status change: com.example.MainActivity@65a309f in: STOPPED
11-15 21:02:56.005 20293 20293 V ActivityScenario: Update currentActivityStage to STOPPED, currentActivity=com.example.MainActivity@65a309f
11-15 21:02:56.005 20293 20293 D LifecycleMonitor: Lifecycle status change: com.example.MainActivity@65a309f in: DESTROYED
11-15 21:02:56.005 20293 20293 V ActivityScenario: Update currentActivityStage to DESTROYED, currentActivity=null
11-15 21:02:56.012  1782  1782 E Layer   : [Surface(name=AppWindowToken{ae3cc56 token=Token{3103671 ActivityRecord{97fdc18 u0 com.android.launcher3/.Launcher t178}}})/@0xe235603 - animation-leash#0] No local sync point found
11-15 21:02:56.012  1782  1782 E Layer   : [Surface(name=AppWindowToken{2c3c011 token=Token{f4b0838 ActivityRecord{6154c9b u0 com.example/.MainActivity t314}}})/@0x702ac75 - animation-leash#0] No local sync point found
